// Vitest Snapshot v1, https://vitest.dev/guide/snapshot.html

exports[`renders overall email as expected 1`] = `
"Managed Care submission: <b>MCR-MN-0004-SNBC</b> was received from <b>MN</b>.
<br /><br />
<b>Submission type</b>: Contract action and rate certification<br />
<b>Contract amendment effective dates</b>: 01/01/2021 to 12/31/2021<br />
<br />
<b>Rate name</b>: MCR-MN-0003-MSHO-RATE-20210101-20220101-CERTIFICATION-20210102<br />
<b>Rating period</b>: 01/01/2021 to 01/01/2022<br />
<br />
<b>Rate name</b>: MCR-MN-0003-SNBC-RATE-20220201-20230201-CERTIFICATION-20220202<br />
<b>Rating period</b>: 02/01/2022 to 02/01/2023<br />
<br />
<b>Submission description</b>: A real submission<br />
<br />
<a href="http://localhost/submissions/health-plan/test-contract-123">View submission</a>
"
`;
