// Vitest Snapshot v1, https://vitest.dev/guide/snapshot.html

exports[`renders overall email for a new package with a rate amendment as expected 1`] = `
"MCR-MN-0004-SNBC was successfully submitted.
<br /><br />
<b>Submission type</b>: Contract action and rate certification<br />
<b>Contract amendment effective dates</b>: 01/01/2021 to 01/01/2025<br />
<br />
<b>Rate name</b>: MCR-MN-0003-MSHO-RATE-20210605-20211231-AMENDMENT-20210102<br />
<b>Rate amendment effective dates</b>: 06/05/2021 to 12/31/2021<br />
<br />
<b>Submission description</b>: A real submission<br />
<br />
<a href="http://localhost/submissions/health-plan/test-contract-123">View submission</a>
<br /><br />
If you need to make any changes, please contact CMS.
<br /><br />

<div>What comes next:</div>
<ol>
    <li>
        <strong>Check for completeness:</strong> CMS will review all documentation submitted to ensure all required materials were received.
    </li>
    <li>
        <strong>CMS review:</strong> Your submission will be reviewed by CMS for adherence to federal regulations.
    </li>
    <li>
        <strong>Questions:</strong> You may receive questions via email from CMS as they conduct their review.
    </li>
    <li>
        <strong>Decision:</strong> Once all questions have been addressed, CMS will contact you with their final recommendation.

    </li>
</ol>
<br />
<div>If you need assistance or to make changes to your submission:</div>
<ul>
    <li>
        For assistance with programmatic, contractual, or operational issues, please reach out to mcog@example.com and/or your CMS primary contact.
    </li>
    <li>
        For assistance on policy and actuarial issues, please reach out to rates@example.com.
    </li>
    <li>
        For issues related to MC-Review or all other inquiries, please reach out to MC_Review_HelpDesk@example.com.
    </li>
</ul>
"
`;
