// Vitest Snapshot v1, https://vitest.dev/guide/snapshot.html

exports[`renders overall email as expected 1`] = `
"The state completed their edits on submission MCR-MN-0004-SNBC<br />
<br />
<b>Submitted by:</b> bob@example.com<br />
<b>Updated on:</b> 01/31/2022<br />
<b>Changes made:</b> Added more contract details.<br />
<b>Rate names</b>:
<ul style="margin-top: 0px;">
<li>MCR-MN-0003-MSHO-RATE-20210101-20220101-CERTIFICATION-20210102</li>
<li>MCR-MN-0003-SNBC-RATE-20220201-20230201-CERTIFICATION-20220202</li>
</ul>
<br />
<a href="http://localhost/submissions/health-plan/test-contract-123">View the full submission</a>
"
`;
