// Vitest Snapshot v1, https://vitest.dev/guide/snapshot.html

exports[`sendWithdrawnRateCMSEmail > renders overall email for a withdrawn rate as expected 1`] = `
"<h1 style="font-weight: normal;">Rate test-rate-certification-name was withdrawn by CMS</h1>
<b>Withdrawn by:</b> zuko@example.com<br />
<b>Withdrawn on:</b> 04/11/2024<br />
<b>Reason for withdrawal:</b> Test withdraw<br />
<b>Withdrawn from:</b>
<ul>
    <li>MCR-MN-0100-SNBC</li>
    <li>MCR-MN-0222-SNBC</li>
</ul>
<a href="http://localhost/rates/test-rate">View withdrawn rate in MC-Review</a>
"
`;
